// Jest Snapshot v1, https://goo.gl/fbAQLP

exports[`userPopup matches snapshot 1`] = `<userPopup />`;
