// Jest Snapshot v1, https://goo.gl/fbAQLP

exports[`LandingPage should match the snapshot 1`] = `
<main
  className="LandingPage"
>
  <Connect(withRouter(PalettePicker)) />
  <Connect(ProjectsContainer) />
</main>
`;
