// Jest Snapshot v1, https://goo.gl/fbAQLP

exports[`App should match the snapshot 1`] = `
<section
  className="App"
>
  <Route
    component={
      Object {
        "$$typeof": Symbol(react.memo),
        "WrappedComponent": [Function],
        "compare": null,
        "displayName": "Connect(withRouter(NavBar))",
        "type": [Function],
      }
    }
    path="/"
  />
  <Route
    component={[Function]}
    path="/"
  />
  <Route
    component={[Function]}
    exact={true}
    path="/edit-palette"
  />
  <Route
    component={
      Object {
        "$$typeof": Symbol(react.memo),
        "WrappedComponent": [Function],
        "compare": null,
        "displayName": "Connect(SavePopup)",
        "type": [Function],
      }
    }
    exact={true}
    path="/save-palette"
  />
  <Route
    component={
      Object {
        "$$typeof": Symbol(react.memo),
        "WrappedComponent": [Function],
        "compare": null,
        "displayName": "Connect(userPopup)",
        "type": [Function],
      }
    }
    exact={true}
    path="/login"
  />
  <Route
    component={
      Object {
        "$$typeof": Symbol(react.memo),
        "WrappedComponent": [Function],
        "compare": null,
        "displayName": "Connect(userPopup)",
        "type": [Function],
      }
    }
    exact={true}
    path="/register"
  />
</section>
`;
