// Jest Snapshot v1, https://goo.gl/fbAQLP

exports[`NavBar should match the snapshot 1`] = `
<header
  className="NavBar"
>
  <h2>
    PalettePicker
  </h2>
  <form
    className="navbar-form"
  >
    <button
      data-test="logout"
      onClick={[Function]}
    >
      Logout
    </button>
  </form>
</header>
`;
